<?php return array (
  0 => 'Symfony\\Bundle\\FrameworkBundle\\Controller\\AbstractController',
  1 => 'App\\Controller\\EvenementController',
  2 => 'App\\Controller\\ParticipationnsController',
  3 => 'App\\Controller\\ProfilController',
  4 => 'App\\Controller\\ReclamationController',
  5 => 'App\\Controller\\RegisterController',
  6 => 'App\\Controller\\ReponseController',
  7 => 'App\\Controller\\ReservationController',
  8 => 'App\\Controller\\SecurityController',
  9 => 'App\\Controller\\ServiceController',
  10 => 'App\\Controller\\UserController',
  11 => 'App\\Entity\\Evenement',
  12 => 'App\\Entity\\Notification',
  13 => 'App\\Entity\\Participationns',
  14 => 'App\\Entity\\PdfGeneratorService',
  15 => 'App\\Entity\\Reclamation',
  16 => 'App\\Entity\\Reponse',
  17 => 'App\\Entity\\Reservation',
  18 => 'App\\Entity\\Service',
  19 => 'App\\Entity\\User',
  20 => 'Doctrine\\Bundle\\DoctrineBundle\\Controller\\ProfilerController',
  21 => 'Doctrine\\ORM\\Cache\\Persister\\Entity\\AbstractEntityPersister',
  22 => 'Doctrine\\ORM\\Cache\\Persister\\Entity\\CachedEntityPersister',
  23 => 'Doctrine\\ORM\\Cache\\Persister\\Entity\\NonStrictReadWriteCachedEntityPersister',
  24 => 'Doctrine\\ORM\\Cache\\Persister\\Entity\\ReadOnlyCachedEntityPersister',
  25 => 'Doctrine\\ORM\\Cache\\Persister\\Entity\\ReadWriteCachedEntityPersister',
  26 => 'Doctrine\\ORM\\Persisters\\Entity\\AbstractEntityInheritancePersister',
  27 => 'Doctrine\\ORM\\Persisters\\Entity\\BasicEntityPersister',
  28 => 'Doctrine\\ORM\\Persisters\\Entity\\CachedPersisterContext',
  29 => 'Doctrine\\ORM\\Persisters\\Entity\\EntityPersister',
  30 => 'Doctrine\\ORM\\Persisters\\Entity\\JoinedSubclassPersister',
  31 => 'Doctrine\\ORM\\Persisters\\Entity\\SingleTablePersister',
  33 => 'Symfony\\Bundle\\FrameworkBundle\\Controller\\ControllerResolver',
  34 => 'Symfony\\Bundle\\FrameworkBundle\\Controller\\RedirectController',
  35 => 'Symfony\\Bundle\\FrameworkBundle\\Controller\\TemplateController',
  36 => 'Symfony\\Bundle\\WebProfilerBundle\\Controller\\ExceptionPanelController',
  37 => 'Symfony\\Bundle\\WebProfilerBundle\\Controller\\ProfilerController',
  38 => 'Symfony\\Bundle\\WebProfilerBundle\\Controller\\RouterController',
  39 => 'Symfony\\Component\\HttpKernel\\Controller\\ArgumentResolver',
  40 => 'Symfony\\Component\\HttpKernel\\Controller\\ArgumentResolverInterface',
  41 => 'Symfony\\Component\\HttpKernel\\Controller\\ArgumentResolver\\DefaultValueResolver',
  42 => 'Symfony\\Component\\HttpKernel\\Controller\\ArgumentResolver\\NotTaggedControllerValueResolver',
  43 => 'Symfony\\Component\\HttpKernel\\Controller\\ArgumentResolver\\RequestAttributeValueResolver',
  44 => 'Symfony\\Component\\HttpKernel\\Controller\\ArgumentResolver\\RequestValueResolver',
  45 => 'Symfony\\Component\\HttpKernel\\Controller\\ArgumentResolver\\ServiceValueResolver',
  46 => 'Symfony\\Component\\HttpKernel\\Controller\\ArgumentResolver\\SessionValueResolver',
  47 => 'Symfony\\Component\\HttpKernel\\Controller\\ArgumentResolver\\TraceableValueResolver',
  48 => 'Symfony\\Component\\HttpKernel\\Controller\\ArgumentResolver\\VariadicValueResolver',
  49 => 'Symfony\\Component\\HttpKernel\\Controller\\ArgumentValueResolverInterface',
  50 => 'Symfony\\Component\\HttpKernel\\Controller\\ContainerControllerResolver',
  51 => 'Symfony\\Component\\HttpKernel\\Controller\\ControllerReference',
  52 => 'Symfony\\Component\\HttpKernel\\Controller\\ControllerResolver',
  53 => 'Symfony\\Component\\HttpKernel\\Controller\\ControllerResolverInterface',
  54 => 'Symfony\\Component\\HttpKernel\\Controller\\ErrorController',
  55 => 'Symfony\\Component\\HttpKernel\\Controller\\TraceableArgumentResolver',
  56 => 'Symfony\\Component\\HttpKernel\\Controller\\TraceableControllerResolver',
  57 => 'Symfony\\Component\\Security\\Http\\Controller\\UserValueResolver',
);